
Discarded input sections

 .bss           0x0000000000000000        0x0 build/frameBuffer.o
 .ARM.attributes
                0x0000000000000000       0x14 build/frameBuffer.o
 .bss           0x0000000000000000        0x0 build/gpio.o
 .ARM.attributes
                0x0000000000000000       0x14 build/gpio.o
 .bss           0x0000000000000000        0x0 build/mailbox.o
 .ARM.attributes
                0x0000000000000000       0x14 build/mailbox.o
 .bss           0x0000000000000000        0x0 build/main.o
 .ARM.attributes
                0x0000000000000000       0x14 build/main.o
 .bss           0x0000000000000000        0x0 build/systemTimer.o
 .ARM.attributes
                0x0000000000000000       0x14 build/systemTimer.o

Memory Configuration

Name             Origin             Length             Attributes
*default*        0x0000000000000000 0xffffffffffffffff

Linker script and memory map

LOAD build/frameBuffer.o
LOAD build/gpio.o
LOAD build/mailbox.o
LOAD build/main.o
LOAD build/systemTimer.o

.init           0x0000000000008000        0x4
 *(.init)
 .init          0x0000000000008000        0x4 build/main.o
                0x0000000000008000                _start

.text           0x0000000000008004      0x220
 *(.text)
 .text          0x0000000000008004       0x60 build/frameBuffer.o
                0x0000000000008004                InitialiseFrameBuffer
 .text          0x0000000000008064       0x98 build/gpio.o
                0x0000000000008064                GetGpioAddress
                0x000000000000806c                SetGpioFunction
                0x00000000000080bc                SetGpio
 .text          0x00000000000080fc       0x78 build/mailbox.o
                0x00000000000080fc                GetMailboxBase
                0x0000000000008104                MailboxWrite
                0x0000000000008138                MailboxRead
 .text          0x0000000000008174       0x70 build/main.o
 .text          0x00000000000081e4       0x40 build/systemTimer.o
                0x00000000000081e4                GetSystemTimerBase
                0x00000000000081ec                GetTimeStamp
                0x00000000000081fc                Wait

.data           0x0000000000009000     0x1000
 *(.data)
 .data          0x0000000000009000     0x1000 build/frameBuffer.o
                0x0000000000009000                FrameBufferInfo
 .data          0x000000000000a000        0x0 build/gpio.o
 .data          0x000000000000a000        0x0 build/mailbox.o
 .data          0x000000000000a000        0x0 build/main.o
 .data          0x000000000000a000        0x0 build/systemTimer.o

/DISCARD/
 *(*)
OUTPUT(build/output.elf elf32-littlearm)
